certify	Wait until production serves 16771 marker	﻿2026-09-20T19:29:12.5637243Z ##[group]Run ok=0
certify	Wait until production serves 16771 marker	2026-09-20T19:29:12.5637625Z ^[[36;1mok=0^[[0m
certify	Wait until production serves 16771 marker	2026-09-20T19:29:12.5637898Z ^[[36;1mfor i in $(seq 1 60); do^[[0m
certify	Wait until production serves 16771 marker	2026-09-20T19:29:12.5638393Z ^[[36;1m  if curl -fsS "https://earthlinedevelopment.org/?m45cert=$i-$(date +%s)" | grep -q "EARTHLINE 16771"; then^[[0m
certify	Wait until production serves 16771 marker	2026-09-20T19:29:12.5638804Z ^[[36;1m    ok=1^[[0m
certify	Wait until production serves 16771 marker	2026-09-20T19:29:12.5639054Z ^[[36;1m    break^[[0m
certify	Wait until production serves 16771 marker	2026-09-20T19:29:12.5639251Z ^[[36;1m  fi^[[0m
certify	Wait until production serves 16771 marker	2026-09-20T19:29:12.5639468Z ^[[36;1m  sleep 5^[[0m
certify	Wait until production serves 16771 marker	2026-09-20T19:29:12.5639698Z ^[[36;1mdone^[[0m
certify	Wait until production serves 16771 marker	2026-09-20T19:29:12.5639899Z ^[[36;1mtest "$ok" = "1"^[[0m
certify	Wait until production serves 16771 marker	2026-09-20T19:29:12.5667465Z shell: /usr/bin/bash --noprofile --norc -e -o pipefail {0}
certify	Wait until production serves 16771 marker	2026-09-20T19:29:12.5667892Z ##[endgroup]
certify	Wait until production serves 16771 marker	2026-09-20T19:29:13.0058910Z curl: (23) Failure writing output to destination
certify	Wait until production serves 16771 marker	2026-09-20T19:29:18.2435556Z curl: (23) Failure writing output to destination
certify	Wait until production serves 16771 marker	2026-09-20T19:29:23.5829523Z curl: (23) Failure writing output to destination
certify	Wait until production serves 16771 marker	2026-09-20T19:29:28.7829755Z curl: (23) Failure writing output to destination
certify	Wait until production serves 16771 marker	2026-09-20T19:29:34.4675696Z curl: (23) Failure writing output to destination
certify	Wait until production serves 16771 marker	2026-09-20T19:29:39.6220917Z curl: (23) Failure writing output to destination
certify	Wait until production serves 16771 marker	2026-09-20T19:29:44.8807879Z curl: (23) Failure writing output to destination
certify	Wait until production serves 16771 marker	2026-09-20T19:29:50.2158249Z curl: (23) Failure writing output to destination
certify	Wait until production serves 16771 marker	2026-09-20T19:29:55.4430968Z curl: (35) Recv failure: Connection reset by peer
certify	Wait until production serves 16771 marker	2026-09-20T19:30:00.7010294Z curl: (23) Failure writing output to destination
certify	Wait until production serves 16771 marker	2026-09-20T19:30:05.9751201Z curl: (23) Failure writing output to destination
certify	Wait until production serves 16771 marker	2026-09-20T19:30:11.0912905Z curl: (35) Recv failure: Connection reset by peer
certify	Wait until production serves 16771 marker	2026-09-20T19:30:16.2445848Z curl: (23) Failure writing output to destination
certify	Wait until production serves 16771 marker	2026-09-20T19:30:21.4259318Z curl: (23) Failure writing output to destination
certify	Wait until production serves 16771 marker	2026-09-20T19:30:26.5782107Z curl: (23) Failure writing output to destination
certify	Wait until production serves 16771 marker	2026-09-20T19:30:31.7689409Z curl: (23) Failure writing output to destination
certify	Wait until production serves 16771 marker	2026-09-20T19:30:36.8105287Z curl: (35) Recv failure: Connection reset by peer
certify	Wait until production serves 16771 marker	2026-09-20T19:30:41.9757998Z curl: (23) Failure writing output to destination
certify	Wait until production serves 16771 marker	2026-09-20T19:30:47.0882398Z curl: (35) Recv failure: Connection reset by peer
certify	Wait until production serves 16771 marker	2026-09-20T19:30:52.3286274Z curl: (23) Failure writing output to destination
certify	Wait until production serves 16771 marker	2026-09-20T19:30:57.4924389Z curl: (23) Failure writing output to destination
certify	Wait until production serves 16771 marker	2026-09-20T19:31:02.6563084Z curl: (23) Failure writing output to destination
certify	Wait until production serves 16771 marker	2026-09-20T19:31:07.8673046Z curl: (23) Failure writing output to destination
certify	Wait until production serves 16771 marker	2026-09-20T19:31:13.0259869Z curl: (23) Failure writing output to destination
certify	Wait until production serves 16771 marker	2026-09-20T19:31:18.2063139Z curl: (23) Failure writing output to destination
certify	Wait until production serves 16771 marker	2026-09-20T19:31:23.2551902Z curl: (35) Recv failure: Connection reset by peer
certify	Wait until production serves 16771 marker	2026-09-20T19:31:28.4412516Z curl: (23) Failure writing output to destination
certify	Wait until production serves 16771 marker	2026-09-20T19:31:33.5922105Z curl: (23) Failure writing output to destination
certify	Wait until production serves 16771 marker	2026-09-20T19:31:38.7577212Z curl: (23) Failure writing output to destination
certify	Wait until production serves 16771 marker	2026-09-20T19:31:43.9358111Z curl: (23) Failure writing output to destination
certify	Wait until production serves 16771 marker	2026-09-20T19:31:49.1421519Z curl: (23) Failure writing output to destination
certify	Wait until production serves 16771 marker	2026-09-20T19:31:54.3154997Z curl: (23) Failure writing output to destination
certify	Wait until production serves 16771 marker	2026-09-20T19:31:59.4986069Z curl: (23) Failure writing output to destination
certify	Wait until production serves 16771 marker	2026-09-20T19:32:04.7504485Z curl: (23) Failure writing output to destination
certify	Wait until production serves 16771 marker	2026-09-20T19:32:09.7984401Z curl: (35) Recv failure: Connection reset by peer
certify	Wait until production serves 16771 marker	2026-09-20T19:32:15.1356426Z curl: (23) Failure writing output to destination
certify	Wait until production serves 16771 marker	2026-09-20T19:32:20.5887652Z curl: (23) Failure writing output to destination
certify	Wait until production serves 16771 marker	2026-09-20T19:32:25.7824163Z curl: (23) Failure writing output to destination
certify	Wait until production serves 16771 marker	2026-09-20T19:32:30.9488639Z curl: (23) Failure writing output to destination
certify	Wait until production serves 16771 marker	2026-09-20T19:32:36.1365192Z curl: (23) Failure writing output to destination
certify	Wait until production serves 16771 marker	2026-09-20T19:32:41.3423448Z curl: (23) Failure writing output to destination
certify	Wait until production serves 16771 marker	2026-09-20T19:32:46.5316227Z curl: (23) Failure writing output to destination
certify	Wait until production serves 16771 marker	2026-09-20T19:32:51.6947795Z curl: (23) Failure writing output to destination
certify	Wait until production serves 16771 marker	2026-09-20T19:32:56.8534955Z curl: (23) Failure writing output to destination
certify	Wait until production serves 16771 marker	2026-09-20T19:33:01.9051142Z curl: (35) Recv failure: Connection reset by peer
certify	Wait until production serves 16771 marker	2026-09-20T19:33:07.2368437Z curl: (23) Failure writing output to destination
certify	Wait until production serves 16771 marker	2026-09-20T19:33:12.5026992Z curl: (23) Failure writing output to destination
certify	Wait until production serves 16771 marker	2026-09-20T19:33:17.7211639Z curl: (23) Failure writing output to destination
certify	Wait until production serves 16771 marker	2026-09-20T19:33:23.0176919Z curl: (35) Recv failure: Connection reset by peer
certify	Wait until production serves 16771 marker	2026-09-20T19:33:28.2620728Z curl: (23) Failure writing output to destination
certify	Wait until production serves 16771 marker	2026-09-20T19:33:33.4924840Z curl: (23) Failure writing output to destination
certify	Wait until production serves 16771 marker	2026-09-20T19:33:38.7468710Z curl: (23) Failure writing output to destination
certify	Wait until production serves 16771 marker	2026-09-20T19:33:43.9816819Z curl: (23) Failure writing output to destination
certify	Wait until production serves 16771 marker	2026-09-20T19:33:49.3916286Z curl: (23) Failure writing output to destination
certify	Wait until production serves 16771 marker	2026-09-20T19:33:54.6290561Z curl: (23) Failure writing output to destination
certify	Wait until production serves 16771 marker	2026-09-20T19:33:59.6871927Z curl: (35) Recv failure: Connection reset by peer
certify	Wait until production serves 16771 marker	2026-09-20T19:34:05.0283231Z curl: (23) Failure writing output to destination
certify	Wait until production serves 16771 marker	2026-09-20T19:34:10.3183180Z curl: (35) Recv failure: Connection reset by peer
certify	Wait until production serves 16771 marker	2026-09-20T19:34:15.6610335Z curl: (23) Failure writing output to destination
certify	Wait until production serves 16771 marker	2026-09-20T19:34:21.0422635Z curl: (23) Failure writing output to destination
certify	Wait until production serves 16771 marker	2026-09-20T19:34:26.0475730Z ##[error]Process completed with exit code 1.
